// Jest Snapshot v1, https://goo.gl/fbAQLP

exports[`env returns env var 1`] = `"test"`;

exports[`env returns env var 2`] = `"test-user"`;

exports[`env returns env var 3`] = `"test-password"`;

exports[`env returns env var 4`] = `"test-password"`;

exports[`env throws if env var is not defined or null 1`] = `"process.env['nullvar'] must be type of string, currently 'undefined'"`;
